// Jest Snapshot v1, https://goo.gl/fbAQLP

exports[`App component Matches the snapshot 1`] = `
<div
  className="App"
>
  Welcome to the App
</div>
`;
